// Jest Snapshot v1, https://goo.gl/fbAQLP

exports[`Pruebas de <GifGridItem /> debe mostrar el componente correctamente 1`] = `
<div
  className="card animate__animated animate__fadeIn"
>
  <img
    alt="El tutulo"
    src="http://img.com/elm.jpg"
  />
  <p>
    El tutulo
  </p>
</div>
`;
